<html>
<body>
<pre>
<h1>µVision Build Log</h1>
<h2>Tool Versions:</h2>
IDE-Version: ¦ÌVision V5.25.2.0
Copyright (C) 2018 ARM Ltd and ARM Germany GmbH. All rights reserved.
License Information: zhaozhaobinbin Administrator, XiYun, LIC=2TT9U-SSMAT-GMS99-49GXP-PR171-ANXPS
 
Tool Versions:
Toolchain:       MDK-ARM Professional  Version: 5.25.2.0
Toolchain Path:  D:\Soft\Keil_v5\ARM\ARMCC\Bin
C Compiler:      Armcc.exe V5.06 update 6 (build 750)
Assembler:       Armasm.exe V5.06 update 6 (build 750)
Linker/Locator:  ArmLink.exe V5.06 update 6 (build 750)
Library Manager: ArmAr.exe V5.06 update 6 (build 750)
Hex Converter:   FromElf.exe V5.06 update 6 (build 750)
CPU DLL:         SARMCM3.DLL V5.25.2.0
Dialog DLL:      DCM.DLL V1.17.1.0
Target DLL:      Segger\JL2CM3.dll V2.99.29.0
Dialog DLL:      TCM.DLL V1.35.1.0
 
<h2>Project:</h2>
D:\Boards\FR8016_Mash\FR8016H_Mesh_Node_Sdk\examples\none_evm\ble_mesh_PB_Remote\keil\ble_mesh.uvprojx
Project File Date:  12/07/2022

<h2>Output:</h2>
*** Using Compiler 'V5.06 update 6 (build 750)', folder: 'D:\Soft\Keil_v5\ARM\ARMCC\Bin'
Rebuild target 'ble_mesh'
compiling user_task.c...
..\code\user_task.c(50): warning:  #223-D: function "flash_erase" declared implicitly
  					flash_erase(MESH_INFO_STORE_ADDR, 0x1000);
..\code\user_task.c(52): warning:  #223-D: function "platform_reset_patch" declared implicitly
  					platform_reset_patch(0);
..\code\user_task.c: 2 warnings, 0 errors
compiling pb_remote_central.c...
compiling sig_mesh_info.c...
compiling driver_codec.c...
compiling simple_gatt_service.c...
compiling driver_keyscan.c...
compiling mesh_model_msg.c...
compiling driver_efuse.c...
compiling driver_i2s.c...
compiling ble_simple_peripheral.c...
compiling driver_iic.c...
compiling button.c...
compiling proj_main.c...
..\code\proj_main.c(360): warning:  #223-D: function "aos_kv_set" declared implicitly
  		aos_kv_set(POWERON_COUNT_KEY, &poweron_count, sizeof(poweron_count), 0);
..\code\proj_main.c(365): warning:  #223-D: function "aos_kv_set" declared implicitly
  		aos_kv_set(POWERON_COUNT_KEY, &poweron_count, sizeof(poweron_count), 0);
..\code\proj_main.c(410): warning:  #223-D: function "aos_kv_init" declared implicitly
  	aos_kv_init();
..\code\proj_main.c: 3 warnings, 0 errors
compiling driver_pmu_qdec.c...
compiling sig_mesh_led.c...
..\code\kvmgr.h(65): warning:  #1295-D: Deprecated declaration kv_check_has_val - give arg types
  int kv_check_has_val();
..\code\kvmgr.h(67): warning:  #1295-D: Deprecated declaration kv_default_factory_load - give arg types
  int kv_default_factory_load();
..\code\kvmgr.h(68): warning:  #1295-D: Deprecated declaration kv_default_custom_store - give arg types
  int kv_default_custom_store();
..\code\kvmgr.h(69): warning:  #1295-D: Deprecated declaration kv_default_custom_load - give arg types
  int kv_default_custom_load();
..\code\sig_mesh_led.c: 4 warnings, 0 errors
compiling driver_wdt.c...
compiling app_at.c...
compiling driver_pmu_pwm.c...
assembling app_boot_vectors.s...
compiling driver_timer.c...
compiling driver_rtc.c...
compiling driver_pmu.c...
compiling driver_ssp.c...
compiling driver_uart.c...
compiling driver_pwm.c...
compiling driver_exti.c...
compiling core_cm3_isr.c...
compiling sha256.c...
compiling aes_cbc.c...
compiling patch.c...
compiling led_fun.c...
..\userapp\src\led_fun.c(129): warning:  #1-D: last line of file ends without a newline
  }
..\userapp\src\led_fun.c: 1 warning, 0 errors
compiling kvmgr.c...
..\code\kvmgr.h(65): warning:  #1295-D: Deprecated declaration kv_check_has_val - give arg types
  int kv_check_has_val();
..\code\kvmgr.h(67): warning:  #1295-D: Deprecated declaration kv_default_factory_load - give arg types
  int kv_default_factory_load();
..\code\kvmgr.h(68): warning:  #1295-D: Deprecated declaration kv_default_custom_store - give arg types
  int kv_default_custom_store();
..\code\kvmgr.h(69): warning:  #1295-D: Deprecated declaration kv_default_custom_load - give arg types
  int kv_default_custom_load();
..\code\kvmgr.c(903): warning:  #177-D: variable "ret"  was declared but never referenced
      int i, ret;
..\code\kvmgr.c(961): warning:  #177-D: variable "ret"  was declared but never referenced
      int ret;
..\code\kvmgr.c(1141): warning:  #940-D: missing return statement at end of non-void function "kv_default_factory_load" 
  }
..\code\kvmgr.c: 7 warnings, 0 errors
linking...
Program Size: Code=171688 RO-data=5572 RW-data=1272 ZI-data=3580  
After Build - User command #1: fromelf.exe  --text  -c -o Output/ble_mesh.txt  Objects/ble_mesh.axf
After Build - User command #2: fromelf.exe  --bin -o Output/ble_mesh.bin  Objects/ble_mesh.axf
".\Objects\ble_mesh.axf" - 0 Error(s), 17 Warning(s).

<h2>Software Packages used:</h2>

Package Vendor: ARM
                http://www.keil.com/pack/ARM.CMSIS.5.9.0.pack
                ARM.CMSIS.5.9.0
                CMSIS (Common Microcontroller Software Interface Standard)
   * Component: CORE Version: 5.6.0

<h2>Collection of Component include folders:</h2>
  .\RTE\_ble_mesh
  D:\Soft\Keil_v5\ARM\PACK\ARM\CMSIS\5.9.0\CMSIS\Core\Include
  D:\Soft\Keil_v5\ARM\PACK\ARM\CMSIS\5.9.0\Device\ARM\ARMCM3\Include

<h2>Collection of Component Files used:</h2>

   * Component: ARM::CMSIS:CORE:5.6.0
Build Time Elapsed:  00:00:01
</pre>
</body>
</html>
